C51 COMPILER V8.01   EX32_INT                                                              05/19/2008 11:38:16 PAGE 1   


C51 COMPILER V8.01, COMPILATION OF MODULE EX32_INT
OBJECT MODULE PLACED IN ex32-int.OBJ
COMPILER INVOKED BY: C:\Keil\C51\BIN\C51.EXE ex32-int.C DEBUG OBJECTEXTEND

line level    source

   1          /* EX32-int.c */
   2          #include <REG52.H>
   3          #include <stdio.h>
   4          #include "lw_oopc_kc.h" 
   5          #include "ex32-idisp.h"
   6          #include "ex32-int.h"
   7          
   8          static void init(Integer *t)
   9              {  t->value = 100;  }
  10          
  11          static void display(Integer *t)
  12             {  P0 = (char)t->value;  }
  13          
  14          CTOR(Integer)
  15   1          FUNCTION_SETTING(IDisplay.init, init);
  16   1              FUNCTION_SETTING(IDisplay.display, display);
  17   1      END_CTOR


MODULE INFORMATION:   STATIC OVERLAYABLE
   CODE SIZE        =     94    ----
   CONSTANT SIZE    =   ----    ----
   XDATA SIZE       =   ----    ----
   PDATA SIZE       =   ----    ----
   DATA SIZE        =   ----       3
   IDATA SIZE       =   ----    ----
   BIT SIZE         =   ----    ----
END OF MODULE INFORMATION.


C51 COMPILATION COMPLETE.  0 WARNING(S),  0 ERROR(S)
