C51 COMPILER V8.01   BLINKY                                                                05/19/2008 11:34:24 PAGE 1   


C51 COMPILER V8.01, COMPILATION OF MODULE BLINKY
OBJECT MODULE PLACED IN BLINKY.OBJ
COMPILER INVOKED BY: C:\Keil\C51\BIN\C51.EXE BLINKY.C BROWSE DEBUG OBJECTEXTEND

line level    source

   1          /* EX30-ap-2.c (BLINKY.c)  */
   2          #include <REG51F.H>
   3          #include <stdio.h>
   4          
   5          #define LW_OOPC_STATIC
   6          #include "EX30-ctrl.h"
   7          
   8          extern CTRLSetting(CTRL*);
   9          
  10          void main()  {
  11   1            CTRL ctrl;
  12   1            CTRLSetting(&ctrl);
  13   1                
  14   1                ctrl.init(&ctrl);
  15   1                ctrl.run(&ctrl);
  16   1              }
  17          
  18                                             


MODULE INFORMATION:   STATIC OVERLAYABLE
   CODE SIZE        =     39    ----
   CONSTANT SIZE    =   ----    ----
   XDATA SIZE       =   ----    ----
   PDATA SIZE       =   ----    ----
   DATA SIZE        =   ----      51
   IDATA SIZE       =   ----    ----
   BIT SIZE         =   ----    ----
END OF MODULE INFORMATION.


C51 COMPILATION COMPLETE.  0 WARNING(S),  0 ERROR(S)
